// Vitest Snapshot v1, https://vitest.dev/guide/snapshot.html

exports[`Details > should render page correctly 1`] = `
<div
  data-v-14b79667=""
>
  <div
    data-v-14b79667=""
  >
    <div
      data-v-14b79667=""
    >
      <div
        data-v-14b79667=""
      >
        <router-link
          class="back"
          data-v-14b79667=""
          to="/"
        >
          ← Back to Home
        </router-link>
      </div>
      <h1
        data-v-14b79667=""
      >
        Test Show
      </h1>
      <div
        class="wrapper"
        data-v-14b79667=""
      >
        <div
          class="img-block"
          data-v-14b79667=""
        >
          <img
            alt="Test Show"
            data-v-14b79667=""
            src="test-image.jpg"
          />
        </div>
        <div
          class="info-block"
          data-v-14b79667=""
        >
          <p
            data-v-14b79667=""
          >
            <p>
              Test Summary
            </p>
          </p>
          <h3
            class="info-title"
            data-v-14b79667=""
          >
            Info
          </h3>
          <table
            data-v-14b79667=""
          >
            <tbody
              data-v-14b79667=""
            >
              <tr
                data-v-14b79667=""
              >
                <td
                  data-v-14b79667=""
                >
                  Genres:
                </td>
                <td
                  data-v-14b79667=""
                >
                  Drama
                </td>
              </tr>
              <tr
                data-v-14b79667=""
              >
                <td
                  data-v-14b79667=""
                >
                  Language:
                </td>
                <td
                  data-v-14b79667=""
                >
                  English
                </td>
              </tr>
              <tr
                data-v-14b79667=""
              >
                <td
                  data-v-14b79667=""
                >
                  Status:
                </td>
                <td
                  data-v-14b79667=""
                >
                  Running
                </td>
              </tr>
              <tr
                data-v-14b79667=""
              >
                <td
                  data-v-14b79667=""
                >
                  Premiered:
                </td>
                <td
                  data-v-14b79667=""
                >
                  2023-01-01
                </td>
              </tr>
              <tr
                data-v-14b79667=""
              >
                <td
                  data-v-14b79667=""
                >
                  Rating:
                </td>
                <td
                  data-v-14b79667=""
                >
                  ⭐ 8.5
                </td>
              </tr>
              <tr
                data-v-14b79667=""
              >
                <td
                  data-v-14b79667=""
                >
                  Network:
                </td>
                <td
                  data-v-14b79667=""
                >
                  Test Network
                </td>
              </tr>
            </tbody>
          </table>
          <button
            aria-label="Add to Favorites"
            class="favorite-btn"
            data-v-14b79667=""
          >
            Add to Favorites ❤️
          </button>
        </div>
      </div>
    </div>
  </div>
</div>
`;
