// Vitest Snapshot v1, https://vitest.dev/guide/snapshot.html

exports[`FavoriteButton > should render the correct initial text when already a favorite 1`] = `
<button>
  ❤️
</button>
`;

exports[`FavoriteButton > should render the correct initial text when not a favorite 1`] = `
<button>
  🫶
</button>
`;
